../Core/Src/stm32l4xx_hal_msp.c:67:6:HAL_MspInit	8	static
../Core/Src/stm32l4xx_hal_msp.c:89:6:HAL_ADC_MspInit	136	static
../Core/Src/stm32l4xx_hal_msp.c:158:6:HAL_ADC_MspDeInit	8	static
../Core/Src/stm32l4xx_hal_msp.c:188:6:HAL_TIM_PWM_MspInit	16	static
../Core/Src/stm32l4xx_hal_msp.c:207:6:HAL_TIM_MspPostInit	32	static
../Core/Src/stm32l4xx_hal_msp.c:239:6:HAL_TIM_PWM_MspDeInit	0	static
../Core/Src/stm32l4xx_hal_msp.c:264:6:HAL_UART_MspInit	128	static
../Core/Src/stm32l4xx_hal_msp.c:318:6:HAL_UART_MspDeInit	0	static
